
> navalia@0.1.0 test
> vitest run


 RUN  v4.1.9 D:/Development/NTN-MACHINE/sass-barbearia


 Test Files  1 passed (1)
      Tests  1 passed (1)
   Start at  20:48:08
   Duration  378ms (transform 41ms, setup 0ms, import 65ms, tests 4ms, environment 1ms)

